Archive member included because of file (symbol)

Libraries/STM32F0xx_StdPeriph_Driver/libSTM32F0xx_StdPeriph_Driver.a(stm32f0xx_adc.o)
                              hw_init.o (ADC_DeInit)
Libraries/STM32F0xx_StdPeriph_Driver/libSTM32F0xx_StdPeriph_Driver.a(stm32f0xx_crc.o)
                              main.o (CRC_ResetDR)
Libraries/STM32F0xx_StdPeriph_Driver/libSTM32F0xx_StdPeriph_Driver.a(stm32f0xx_dma.o)
                              hw_init.o (DMA_DeInit)
Libraries/STM32F0xx_StdPeriph_Driver/libSTM32F0xx_StdPeriph_Driver.a(stm32f0xx_gpio.o)
                              hw_init.o (GPIO_Init)
Libraries/STM32F0xx_StdPeriph_Driver/libSTM32F0xx_StdPeriph_Driver.a(stm32f0xx_i2c.o)
                              main.o (I2C_GetAddressMatched)
Libraries/STM32F0xx_StdPeriph_Driver/libSTM32F0xx_StdPeriph_Driver.a(stm32f0xx_misc.o)
                              hw_init.o (NVIC_Init)
Libraries/STM32F0xx_StdPeriph_Driver/libSTM32F0xx_StdPeriph_Driver.a(stm32f0xx_rcc.o)
                              hw_init.o (RCC_AHBPeriphClockCmd)
Libraries/STM32F0xx_StdPeriph_Driver/libSTM32F0xx_StdPeriph_Driver.a(stm32f0xx_tim.o)
                              hw_init.o (TIM_TimeBaseInit)
/media/ProgramData/ARM/GNU/gcc-arm-none-eabi-4_7-2013q3/bin/../lib/gcc/arm-none-eabi/4.7.4/armv6-m/libgcc.a(_udivsi3.o)
                              hw_init.o (__aeabi_uidiv)
/media/ProgramData/ARM/GNU/gcc-arm-none-eabi-4_7-2013q3/bin/../lib/gcc/arm-none-eabi/4.7.4/armv6-m/libgcc.a(_dvmd_tls.o)
                              /media/ProgramData/ARM/GNU/gcc-arm-none-eabi-4_7-2013q3/bin/../lib/gcc/arm-none-eabi/4.7.4/armv6-m/libgcc.a(_udivsi3.o) (__aeabi_idiv0)

Allocating common symbols
Common symbol       size              file

RPMr                0x4               hw_init.o
Pstate              0x4               hw_init.o
CCR1r               0x4               hw_init.o
global_pck          0x22              hw_init.o
avance              0x4               hw_init.o
PWMval              0x4               hw_init.o
ADbuff              0x7d0             hw_init.o
M_ENC               0x30              hw_init.o

Discarded input sections

 .data          0x00000000        0x0 main.o
 .data          0x00000000        0x0 stm32f0xx_it.o
 .bss           0x00000000        0x0 stm32f0xx_it.o
 .bss           0x00000000        0x0 system_stm32f0xx.o
 .text          0x00000000       0x14 startup_stm32f0xx.o
 .data          0x00000000        0x0 startup_stm32f0xx.o
 .bss           0x00000000        0x0 startup_stm32f0xx.o
 .data          0x00000000        0x0 Libraries/STM32F0xx_StdPeriph_Driver/libSTM32F0xx_StdPeriph_Driver.a(stm32f0xx_adc.o)
 .bss           0x00000000        0x0 Libraries/STM32F0xx_StdPeriph_Driver/libSTM32F0xx_StdPeriph_Driver.a(stm32f0xx_adc.o)
 .data          0x00000000        0x0 Libraries/STM32F0xx_StdPeriph_Driver/libSTM32F0xx_StdPeriph_Driver.a(stm32f0xx_crc.o)
 .bss           0x00000000        0x0 Libraries/STM32F0xx_StdPeriph_Driver/libSTM32F0xx_StdPeriph_Driver.a(stm32f0xx_crc.o)
 .data          0x00000000        0x0 Libraries/STM32F0xx_StdPeriph_Driver/libSTM32F0xx_StdPeriph_Driver.a(stm32f0xx_dma.o)
 .bss           0x00000000        0x0 Libraries/STM32F0xx_StdPeriph_Driver/libSTM32F0xx_StdPeriph_Driver.a(stm32f0xx_dma.o)
 .data          0x00000000        0x0 Libraries/STM32F0xx_StdPeriph_Driver/libSTM32F0xx_StdPeriph_Driver.a(stm32f0xx_gpio.o)
 .bss           0x00000000        0x0 Libraries/STM32F0xx_StdPeriph_Driver/libSTM32F0xx_StdPeriph_Driver.a(stm32f0xx_gpio.o)
 .data          0x00000000        0x0 Libraries/STM32F0xx_StdPeriph_Driver/libSTM32F0xx_StdPeriph_Driver.a(stm32f0xx_i2c.o)
 .bss           0x00000000        0x0 Libraries/STM32F0xx_StdPeriph_Driver/libSTM32F0xx_StdPeriph_Driver.a(stm32f0xx_i2c.o)
 .data          0x00000000        0x0 Libraries/STM32F0xx_StdPeriph_Driver/libSTM32F0xx_StdPeriph_Driver.a(stm32f0xx_misc.o)
 .bss           0x00000000        0x0 Libraries/STM32F0xx_StdPeriph_Driver/libSTM32F0xx_StdPeriph_Driver.a(stm32f0xx_misc.o)
 .bss           0x00000000        0x0 Libraries/STM32F0xx_StdPeriph_Driver/libSTM32F0xx_StdPeriph_Driver.a(stm32f0xx_rcc.o)
 .data          0x00000000        0x0 Libraries/STM32F0xx_StdPeriph_Driver/libSTM32F0xx_StdPeriph_Driver.a(stm32f0xx_tim.o)
 .bss           0x00000000        0x0 Libraries/STM32F0xx_StdPeriph_Driver/libSTM32F0xx_StdPeriph_Driver.a(stm32f0xx_tim.o)
 .data          0x00000000        0x0 /media/ProgramData/ARM/GNU/gcc-arm-none-eabi-4_7-2013q3/bin/../lib/gcc/arm-none-eabi/4.7.4/armv6-m/libgcc.a(_udivsi3.o)
 .bss           0x00000000        0x0 /media/ProgramData/ARM/GNU/gcc-arm-none-eabi-4_7-2013q3/bin/../lib/gcc/arm-none-eabi/4.7.4/armv6-m/libgcc.a(_udivsi3.o)
 .data          0x00000000        0x0 /media/ProgramData/ARM/GNU/gcc-arm-none-eabi-4_7-2013q3/bin/../lib/gcc/arm-none-eabi/4.7.4/armv6-m/libgcc.a(_dvmd_tls.o)
 .bss           0x00000000        0x0 /media/ProgramData/ARM/GNU/gcc-arm-none-eabi-4_7-2013q3/bin/../lib/gcc/arm-none-eabi/4.7.4/armv6-m/libgcc.a(_dvmd_tls.o)

Memory Configuration

Name             Origin             Length             Attributes
FLASH            0x08000000         0x00008000         xr
RAM              0x20000000         0x00001000         xrw
*default*        0x00000000         0xffffffff

Linker script and memory map

                0x20001000                _estack = 0x20001000
                0x00000000                _Min_Heap_Size = 0x0
                0x00000080                _Min_Stack_Size = 0x80

.isr_vector     0x08000000       0xc4
                0x08000000                . = ALIGN (0x4)
 *(.isr_vector)
 .isr_vector    0x08000000       0xc4 startup_stm32f0xx.o
                0x08000000                g_pfnVectors
                0x080000c4                . = ALIGN (0x4)

.text           0x080000c4     0x2a04
                0x080000c4                . = ALIGN (0x4)
 *(.text)
 .text          0x080000c4      0x68c hw_init.o
                0x080000c4                hw_init
                0x08000390                ADC1_COMP_IRQHandler
                0x080004e0                DMA1_Channel1_IRQHandler
                0x08000544                TIM2_IRQHandler
                0x08000730                delay_us
 .text          0x08000750      0x180 main.o
                0x08000750                SysTick_Handler
                0x08000754                I2C1_IRQHandler
 .text          0x080008d0       0x24 stm32f0xx_it.o
                0x080008d0                NMI_Handler
                0x080008d4                HardFault_Handler
                0x080008d8                SVC_Handler
                0x080008dc                PendSV_Handler
                0x080008e0                EXTI0_1_IRQHandler
                0x080008e4                EXTI2_3_IRQHandler
                0x080008e8                EXTI4_15_IRQHandler
                0x080008ec                TIM6_DAC_IRQHandler
                0x080008f0                TIM17_IRQHandler
 .text          0x080008f4      0x178 system_stm32f0xx.o
                0x080008f4                SystemInit
                0x08000a04                SystemCoreClockUpdate
 .text          0x08000a6c      0x2bc Libraries/STM32F0xx_StdPeriph_Driver/libSTM32F0xx_StdPeriph_Driver.a(stm32f0xx_adc.o)
                0x08000a6c                ADC_DeInit
                0x08000a90                ADC_Init
                0x08000abc                ADC_StructInit
                0x08000acc                ADC_Cmd
                0x08000ae4                ADC_ClockModeConfig
                0x08000ae8                ADC_JitterCmd
                0x08000afc                ADC_AutoPowerOffCmd
                0x08000b18                ADC_WaitModeCmd
                0x08000b34                ADC_AnalogWatchdogCmd
                0x08000b50                ADC_AnalogWatchdogThresholdsConfig
                0x08000b58                ADC_AnalogWatchdogSingleChannelConfig
                0x08000b68                ADC_AnalogWatchdogSingleChannelCmd
                0x08000b84                ADC_TempSensorCmd
                0x08000ba8                ADC_VrefintCmd
                0x08000bcc                ADC_VbatCmd
                0x08000bf0                ADC_ChannelConfig
                0x08000bfc                ADC_ContinuousModeCmd
                0x08000c18                ADC_DiscModeCmd
                0x08000c34                ADC_OverrunModeCmd
                0x08000c50                ADC_GetCalibrationFactor
                0x08000c94                ADC_StopOfConversion
                0x08000ca0                ADC_StartOfConversion
                0x08000cac                ADC_GetConversionValue
                0x08000cb4                ADC_DMACmd
                0x08000ccc                ADC_DMARequestModeConfig
                0x08000cdc                ADC_ITConfig
                0x08000cf0                ADC_GetFlagStatus
                0x08000d0c                ADC_ClearFlag
                0x08000d10                ADC_GetITStatus
                0x08000d24                ADC_ClearITPendingBit
 .text          0x08000d28      0x118 Libraries/STM32F0xx_StdPeriph_Driver/libSTM32F0xx_StdPeriph_Driver.a(stm32f0xx_crc.o)
                0x08000d28                CRC_DeInit
                0x08000d48                CRC_ResetDR
                0x08000d58                CRC_PolynomialSizeSelect
                0x08000d6c                CRC_ReverseInputDataSelect
                0x08000d80                CRC_ReverseOutputDataCmd
                0x08000da0                CRC_SetInitRegister
                0x08000dac                CRC_SetPolynomial
                0x08000db8                CRC_CalcCRC
                0x08000dc4                CRC_CalcCRC16bits
                0x08000dd0                CRC_CalcCRC8bits
                0x08000ddc                CRC_CalcBlockCRC
                0x08000e1c                CRC_GetCRC
                0x08000e28                CRC_SetIDRegister
                0x08000e34                CRC_GetIDRegister
 .text          0x08000e40      0x18c Libraries/STM32F0xx_StdPeriph_Driver/libSTM32F0xx_StdPeriph_Driver.a(stm32f0xx_dma.o)
                0x08000e40                DMA_DeInit
                0x08000f00                DMA_Init
                0x08000f3c                DMA_StructInit
                0x08000f58                DMA_Cmd
                0x08000f74                DMA_SetCurrDataCounter
                0x08000f78                DMA_GetCurrDataCounter
                0x08000f80                DMA_ITConfig
                0x08000f94                DMA_GetFlagStatus
                0x08000fa4                DMA_ClearFlag
                0x08000fb0                DMA_GetITStatus
                0x08000fc0                DMA_ClearITPendingBit
 .text          0x08000fcc      0x2b0 Libraries/STM32F0xx_StdPeriph_Driver/libSTM32F0xx_StdPeriph_Driver.a(stm32f0xx_gpio.o)
                0x08000fcc                GPIO_DeInit
                0x08001090                GPIO_Init
                0x080011e4                GPIO_StructInit
                0x080011fc                GPIO_PinLockConfig
                0x08001220                GPIO_ReadInputDataBit
                0x0800122c                GPIO_ReadInputData
                0x08001230                GPIO_ReadOutputDataBit
                0x0800123c                GPIO_ReadOutputData
                0x08001240                GPIO_SetBits
                0x08001244                GPIO_ResetBits
                0x08001248                GPIO_WriteBit
                0x08001254                GPIO_Write
                0x08001258                GPIO_PinAFConfig
 .text          0x0800127c      0x43c Libraries/STM32F0xx_StdPeriph_Driver/libSTM32F0xx_StdPeriph_Driver.a(stm32f0xx_i2c.o)
                0x0800127c                I2C_DeInit
                0x080012b4                I2C_Init
                0x08001318                I2C_StructInit
                0x08001330                I2C_Cmd
                0x08001348                I2C_SoftwareResetCmd
                0x0800135c                I2C_ITConfig
                0x08001370                I2C_StretchClockCmd
                0x0800138c                I2C_StopModeCmd
                0x080013a8                I2C_DualAddressCmd
                0x080013c4                I2C_OwnAddress2Config
                0x080013e4                I2C_GeneralCallCmd
                0x08001400                I2C_SlaveByteControlCmd
                0x0800141c                I2C_SlaveAddressConfig
                0x0800142c                I2C_10BitAddressingModeCmd
                0x08001448                I2C_AutoEndCmd
                0x08001464                I2C_ReloadCmd
                0x08001480                I2C_NumberOfBytesConfig
                0x08001494                I2C_MasterRequestConfig
                0x080014b0                I2C_GenerateSTART
                0x080014cc                I2C_GenerateSTOP
                0x080014e8                I2C_10BitAddressHeaderCmd
                0x08001504                I2C_AcknowledgeConfig
                0x08001520                I2C_GetAddressMatched
                0x0800152c                I2C_GetTransferDirection
                0x08001538                I2C_TransferHandling
                0x0800155c                I2C_SMBusAlertCmd
                0x08001578                I2C_ClockTimeoutCmd
                0x08001594                I2C_ExtendedClockTimeoutCmd
                0x080015b0                I2C_IdleClockTimeoutCmd
                0x080015cc                I2C_TimeoutAConfig
                0x080015dc                I2C_TimeoutBConfig
                0x080015f8                I2C_CalculatePEC
                0x08001614                I2C_PECRequestCmd
                0x08001630                I2C_GetPEC
                0x08001638                I2C_ReadRegister
                0x08001650                I2C_SendData
                0x08001654                I2C_ReceiveData
                0x0800165c                I2C_DMACmd
                0x08001670                I2C_GetFlagStatus
                0x0800167c                I2C_ClearFlag
                0x08001680                I2C_GetITStatus
                0x080016b4                I2C_ClearITPendingBit
 .text          0x080016b8       0x8c Libraries/STM32F0xx_StdPeriph_Driver/libSTM32F0xx_StdPeriph_Driver.a(stm32f0xx_misc.o)
                0x080016b8                NVIC_Init
                0x08001710                NVIC_SystemLPConfig
                0x08001728                SysTick_CLKSourceConfig
 .text          0x08001744      0x604 Libraries/STM32F0xx_StdPeriph_Driver/libSTM32F0xx_StdPeriph_Driver.a(stm32f0xx_rcc.o)
                0x08001744                RCC_DeInit
                0x080017a4                RCC_HSEConfig
                0x080017b4                RCC_WaitForHSEStartUp
                0x080017f0                RCC_AdjustHSICalibrationValue
                0x08001804                RCC_HSICmd
                0x08001824                RCC_AdjustHSI14CalibrationValue
                0x08001838                RCC_HSI14Cmd
                0x08001858                RCC_HSI14ADCRequestCmd
                0x08001878                RCC_LSEConfig
                0x08001898                RCC_LSEDriveConfig
                0x080018b0                RCC_LSICmd
                0x080018d0                RCC_PLLConfig
                0x080018f0                RCC_PLLCmd
                0x08001914                RCC_HSI48Cmd
                0x08001938                RCC_PREDIV1Config
                0x0800194c                RCC_ClockSecuritySystemCmd
                0x08001970                RCC_MCOConfig
                0x08001988                RCC_SYSCLKConfig
                0x0800199c                RCC_GetSYSCLKSource
                0x080019ac                RCC_HCLKConfig
                0x080019c0                RCC_PCLKConfig
                0x080019d8                RCC_ADCCLKConfig
                0x08001a0c                RCC_CECCLKConfig
                0x08001a24                RCC_I2CCLKConfig
                0x08001a3c                RCC_USARTCLKConfig
                0x08001a6c                RCC_USBCLKConfig
                0x08001a84                RCC_GetClocksFreq
                0x08001be4                RCC_RTCCLKConfig
                0x08001bf4                RCC_RTCCLKCmd
                0x08001c18                RCC_BackupResetCmd
                0x08001c3c                RCC_AHBPeriphClockCmd
                0x08001c54                RCC_APB2PeriphClockCmd
                0x08001c6c                RCC_APB1PeriphClockCmd
                0x08001c84                RCC_AHBPeriphResetCmd
                0x08001c9c                RCC_APB2PeriphResetCmd
                0x08001cb4                RCC_APB1PeriphResetCmd
                0x08001ccc                RCC_ITConfig
                0x08001ce4                RCC_GetFlagStatus
                0x08001d18                RCC_ClearFlag
                0x08001d2c                RCC_GetITStatus
                0x08001d3c                RCC_ClearITPendingBit
 .text          0x08001d48      0xc40 Libraries/STM32F0xx_StdPeriph_Driver/libSTM32F0xx_StdPeriph_Driver.a(stm32f0xx_tim.o)
                0x08001d48                TIM_DeInit
                0x08001e5c                TIM_TimeBaseInit
                0x08001ee8                TIM_TimeBaseStructInit
                0x08001efc                TIM_PrescalerConfig
                0x08001f04                TIM_CounterModeConfig
                0x08001f10                TIM_SetCounter
                0x08001f14                TIM_SetAutoreload
                0x08001f18                TIM_GetCounter
                0x08001f1c                TIM_GetPrescaler
                0x08001f20                TIM_UpdateDisableConfig
                0x08001f38                TIM_UpdateRequestConfig
                0x08001f50                TIM_ARRPreloadConfig
                0x08001f68                TIM_SelectOnePulseMode
                0x08001f78                TIM_SetClockDivision
                0x08001f8c                TIM_Cmd
                0x08001fa4                TIM_BDTRConfig
                0x08001fc4                TIM_BDTRStructInit
                0x08001fd8                TIM_CtrlPWMOutputs
                0x08001ff4                TIM_OC1Init
                0x08002070                TIM_OC2Init
                0x0800210c                TIM_OC3Init
                0x08002190                TIM_OC4Init
                0x080021f4                TIM_OCStructInit
                0x08002208                TIM_SelectOCxM
                0x08002254                TIM_SetCompare1
                0x08002258                TIM_SetCompare2
                0x0800225c                TIM_SetCompare3
                0x08002260                TIM_SetCompare4
                0x08002264                TIM_ForcedOC1Config
                0x08002270                TIM_ForcedOC2Config
                0x08002288                TIM_ForcedOC3Config
                0x08002294                TIM_ForcedOC4Config
                0x080022ac                TIM_CCPreloadControl
                0x080022c4                TIM_OC1PreloadConfig
                0x080022d0                TIM_OC2PreloadConfig
                0x080022e8                TIM_OC3PreloadConfig
                0x080022f4                TIM_OC4PreloadConfig
                0x0800230c                TIM_OC1FastConfig
                0x08002318                TIM_OC2FastConfig
                0x08002330                TIM_OC3FastConfig
                0x0800233c                TIM_OC4FastConfig
                0x08002354                TIM_ClearOC1Ref
                0x08002360                TIM_ClearOC2Ref
                0x08002370                TIM_ClearOC3Ref
                0x0800237c                TIM_ClearOC4Ref
                0x0800238c                TIM_OC1PolarityConfig
                0x08002398                TIM_OC1NPolarityConfig
                0x080023a4                TIM_OC2PolarityConfig
                0x080023b8                TIM_OC2NPolarityConfig
                0x080023cc                TIM_OC3PolarityConfig
                0x080023e4                TIM_OC3NPolarityConfig
                0x080023fc                TIM_OC4PolarityConfig
                0x08002414                TIM_SelectOCREFClear
                0x08002424                TIM_CCxCmd
                0x08002440                TIM_CCxNCmd
                0x0800245c                TIM_SelectCOM
                0x08002474                TIM_ICInit
                0x080025b8                TIM_ICStructInit
                0x080025c8                TIM_PWMIConfig
                0x08002724                TIM_GetCapture1
                0x08002728                TIM_GetCapture2
                0x0800272c                TIM_GetCapture3
                0x08002730                TIM_GetCapture4
                0x08002734                TIM_SetIC1Prescaler
                0x08002744                TIM_SetIC2Prescaler
                0x0800275c                TIM_SetIC3Prescaler
                0x0800276c                TIM_SetIC4Prescaler
                0x08002784                TIM_ITConfig
                0x08002798                TIM_GenerateEvent
                0x0800279c                TIM_GetFlagStatus
                0x080027a8                TIM_ClearFlag
                0x080027b0                TIM_GetITStatus
                0x080027c8                TIM_ClearITPendingBit
                0x080027d0                TIM_DMAConfig
                0x080027d8                TIM_DMACmd
                0x080027ec                TIM_SelectCCDMA
                0x08002804                TIM_InternalClockConfig
                0x08002810                TIM_ITRxExternalClockConfig
                0x08002824                TIM_TIxExternalClockConfig
                0x080028a0                TIM_ETRClockMode1Config
                0x080028c0                TIM_ETRClockMode2Config
                0x080028e0                TIM_SelectInputTrigger
                0x080028ec                TIM_SelectOutputTrigger
                0x080028fc                TIM_SelectSlaveMode
                0x0800290c                TIM_SelectMasterSlaveMode
                0x0800291c                TIM_ETRConfig
                0x08002934                TIM_EncoderInterfaceConfig
                0x08002968                TIM_SelectHallSensor
                0x08002980                TIM_RemapConfig
 .text          0x08002988       0x9c /media/ProgramData/ARM/GNU/gcc-arm-none-eabi-4_7-2013q3/bin/../lib/gcc/arm-none-eabi/4.7.4/armv6-m/libgcc.a(_udivsi3.o)
                0x08002988                __udivsi3
                0x08002988                __aeabi_uidiv
                0x08002a10                __aeabi_uidivmod
 .text          0x08002a24        0x4 /media/ProgramData/ARM/GNU/gcc-arm-none-eabi-4_7-2013q3/bin/../lib/gcc/arm-none-eabi/4.7.4/armv6-m/libgcc.a(_dvmd_tls.o)
                0x08002a24                __aeabi_ldiv0
                0x08002a24                __aeabi_idiv0
 *(.text*)
 .text.startup  0x08002a28       0x50 main.o
                0x08002a28                main
 .text.Reset_Handler
                0x08002a78       0x4c startup_stm32f0xx.o
                0x08002a78                Reset_Handler
 .text.Default_Handler
                0x08002ac4        0x2 startup_stm32f0xx.o
                0x08002ac4                TIM1_CC_IRQHandler
                0x08002ac4                PVD_IRQHandler
                0x08002ac4                SPI1_IRQHandler
                0x08002ac4                I2C2_IRQHandler
                0x08002ac4                RTC_IRQHandler
                0x08002ac4                TIM16_IRQHandler
                0x08002ac4                TIM3_IRQHandler
                0x08002ac4                RCC_IRQHandler
                0x08002ac4                Default_Handler
                0x08002ac4                CEC_IRQHandler
                0x08002ac4                TIM14_IRQHandler
                0x08002ac4                DMA1_Channel4_5_IRQHandler
                0x08002ac4                TIM15_IRQHandler
                0x08002ac4                SPI2_IRQHandler
                0x08002ac4                TS_IRQHandler
                0x08002ac4                WWDG_IRQHandler
                0x08002ac4                DMA1_Channel2_3_IRQHandler
                0x08002ac4                USART2_IRQHandler
                0x08002ac4                FLASH_IRQHandler
                0x08002ac4                USART1_IRQHandler
                0x08002ac4                TIM1_BRK_UP_TRG_COM_IRQHandler
 *(.eh_frame)
 *(.init)
 *(.fini)
                0x08002ac8                . = ALIGN (0x4)
 *fill*         0x08002ac6        0x2 00
                0x08002ac8                _etext = .

.glue_7         0x08002ac8        0x0
 .glue_7        0x00000000        0x0 linker stubs

.glue_7t        0x08002ac8        0x0
 .glue_7t       0x00000000        0x0 linker stubs

.vfp11_veneer   0x08002ac8        0x0
 .vfp11_veneer  0x00000000        0x0 linker stubs

.v4_bx          0x08002ac8        0x0
 .v4_bx         0x00000000        0x0 linker stubs

.iplt           0x08002ac8        0x0
 .iplt          0x00000000        0x0 hw_init.o

.rodata         0x08002ac8       0x1c
                0x08002ac8                . = ALIGN (0x4)
 *(.rodata)
 .rodata        0x08002ac8       0x1c hw_init.o
 *(.rodata*)
                0x08002ae4                . = ALIGN (0x4)

.rel.dyn        0x08002ae4        0x0
 .rel.iplt      0x00000000        0x0 hw_init.o

.ARM.extab
 *(.ARM.extab* .gnu.linkonce.armextab.*)

.ARM            0x08002ae4        0x0
                0x08002ae4                __exidx_start = .
 *(.ARM.exidx*)
                0x08002ae4                __exidx_end = .

.preinit_array  0x08002ae4        0x0
                0x08002ae4                PROVIDE (__preinit_array_start, .)
 *(.preinit_array*)
                0x08002ae4                PROVIDE (__preinit_array_end, .)

.init_array     0x08002ae4        0x0
                0x08002ae4                PROVIDE (__init_array_start, .)
 *(SORT(.init_array.*))
 *(.init_array*)
                0x08002ae4                PROVIDE (__init_array_end, .)

.fini_array     0x08002ae4        0x0
                0x08002ae4                PROVIDE (__fini_array_start, .)
 *(SORT(.fini_array.*))
 *(.fini_array*)
                0x08002ae4                PROVIDE (__fini_array_end, .)
                0x08002ae4                _sidata = LOADADDR (.data)

.data           0x20000000       0x28 load address 0x08002ae4
                0x20000000                . = ALIGN (0x4)
                0x20000000                _sdata = .
 *(.data)
 .data          0x20000000        0x2 hw_init.o
 *fill*         0x20000002        0x2 00
 .data          0x20000004       0x14 system_stm32f0xx.o
                0x20000004                AHBPrescTable
                0x20000014                SystemCoreClock
 .data          0x20000018       0x10 Libraries/STM32F0xx_StdPeriph_Driver/libSTM32F0xx_StdPeriph_Driver.a(stm32f0xx_rcc.o)
 *(.data*)
                0x20000028                . = ALIGN (0x4)
                0x20000028                _edata = .

.igot.plt       0x20000028        0x0 load address 0x08002b0c
 .igot.plt      0x00000000        0x0 hw_init.o
                0x20000028                . = ALIGN (0x4)

.bss            0x20000028      0x860 load address 0x08002b0c
                0x20000028                _sbss = .
                0x20000028                __bss_start__ = _sbss
 *(.bss)
 .bss           0x20000028       0x18 hw_init.o
 .bss           0x20000040       0x10 main.o
 *(.bss*)
 *(COMMON)
 COMMON         0x20000050      0x838 hw_init.o
                0x20000050                RPMr
                0x20000054                Pstate
                0x20000058                CCR1r
                0x2000005c                global_pck
                0x20000080                avance
                0x20000084                PWMval
                0x20000088                ADbuff
                0x20000858                M_ENC
                0x20000888                . = ALIGN (0x4)
                0x20000888                _ebss = .
                0x20000888                __bss_end__ = _ebss

._user_heap_stack
                0x20000888       0x80 load address 0x08002b0c
                0x20000888                . = ALIGN (0x4)
                0x20000888                PROVIDE (end, .)
                0x20000888                PROVIDE (_end, .)
                0x20000888                . = (. + _Min_Heap_Size)
                0x20000908                . = (. + _Min_Stack_Size)
 *fill*         0x20000888       0x80 00
                0x20000908                . = ALIGN (0x4)

/DISCARD/
 libc.a(*)
 libm.a(*)
 libgcc.a(*)

.ARM.attributes
                0x00000000       0x2f
 *(.ARM.attributes)
 .ARM.attributes
                0x00000000       0x31 hw_init.o
 .ARM.attributes
                0x00000031       0x31 main.o
 .ARM.attributes
                0x00000062       0x31 stm32f0xx_it.o
 .ARM.attributes
                0x00000093       0x31 system_stm32f0xx.o
 .ARM.attributes
                0x000000c4       0x21 startup_stm32f0xx.o
 .ARM.attributes
                0x000000e5       0x31 Libraries/STM32F0xx_StdPeriph_Driver/libSTM32F0xx_StdPeriph_Driver.a(stm32f0xx_adc.o)
 .ARM.attributes
                0x00000116       0x31 Libraries/STM32F0xx_StdPeriph_Driver/libSTM32F0xx_StdPeriph_Driver.a(stm32f0xx_crc.o)
 .ARM.attributes
                0x00000147       0x31 Libraries/STM32F0xx_StdPeriph_Driver/libSTM32F0xx_StdPeriph_Driver.a(stm32f0xx_dma.o)
 .ARM.attributes
                0x00000178       0x31 Libraries/STM32F0xx_StdPeriph_Driver/libSTM32F0xx_StdPeriph_Driver.a(stm32f0xx_gpio.o)
 .ARM.attributes
                0x000001a9       0x31 Libraries/STM32F0xx_StdPeriph_Driver/libSTM32F0xx_StdPeriph_Driver.a(stm32f0xx_i2c.o)
 .ARM.attributes
                0x000001da       0x31 Libraries/STM32F0xx_StdPeriph_Driver/libSTM32F0xx_StdPeriph_Driver.a(stm32f0xx_misc.o)
 .ARM.attributes
                0x0000020b       0x31 Libraries/STM32F0xx_StdPeriph_Driver/libSTM32F0xx_StdPeriph_Driver.a(stm32f0xx_rcc.o)
 .ARM.attributes
                0x0000023c       0x31 Libraries/STM32F0xx_StdPeriph_Driver/libSTM32F0xx_StdPeriph_Driver.a(stm32f0xx_tim.o)
 .ARM.attributes
                0x0000026d       0x1e /media/ProgramData/ARM/GNU/gcc-arm-none-eabi-4_7-2013q3/bin/../lib/gcc/arm-none-eabi/4.7.4/armv6-m/libgcc.a(_udivsi3.o)
 .ARM.attributes
                0x0000028b       0x1e /media/ProgramData/ARM/GNU/gcc-arm-none-eabi-4_7-2013q3/bin/../lib/gcc/arm-none-eabi/4.7.4/armv6-m/libgcc.a(_dvmd_tls.o)
LOAD hw_init.o
LOAD main.o
LOAD stm32f0xx_it.o
LOAD system_stm32f0xx.o
LOAD startup_stm32f0xx.o
LOAD Libraries/STM32F0xx_StdPeriph_Driver/libSTM32F0xx_StdPeriph_Driver.a
LOAD /media/ProgramData/ARM/GNU/gcc-arm-none-eabi-4_7-2013q3/arm-none-eabi/lib/armv6-m/libm.a
LOAD /media/ProgramData/ARM/GNU/gcc-arm-none-eabi-4_7-2013q3/arm-none-eabi/lib/armv6-m/libc.a
LOAD /media/ProgramData/ARM/GNU/gcc-arm-none-eabi-4_7-2013q3/bin/../lib/gcc/arm-none-eabi/4.7.4/armv6-m/libgcc.a
LOAD /media/ProgramData/ARM/GNU/gcc-arm-none-eabi-4_7-2013q3/arm-none-eabi/lib/armv6-m/libg.a
LOAD /media/ProgramData/ARM/GNU/gcc-arm-none-eabi-4_7-2013q3/arm-none-eabi/lib/armv6-m/libnosys.a
OUTPUT(main.elf elf32-littlearm)

.debug_info     0x00000000     0x839e
 .debug_info    0x00000000     0x1934 hw_init.o
 .debug_info    0x00001934      0x8ea main.o
 .debug_info    0x0000221e      0x2f6 stm32f0xx_it.o
 .debug_info    0x00002514      0x32f system_stm32f0xx.o
 .debug_info    0x00002843      0x9a8 Libraries/STM32F0xx_StdPeriph_Driver/libSTM32F0xx_StdPeriph_Driver.a(stm32f0xx_adc.o)
 .debug_info    0x000031eb      0x39b Libraries/STM32F0xx_StdPeriph_Driver/libSTM32F0xx_StdPeriph_Driver.a(stm32f0xx_crc.o)
 .debug_info    0x00003586      0x468 Libraries/STM32F0xx_StdPeriph_Driver/libSTM32F0xx_StdPeriph_Driver.a(stm32f0xx_dma.o)
 .debug_info    0x000039ee      0x76e Libraries/STM32F0xx_StdPeriph_Driver/libSTM32F0xx_StdPeriph_Driver.a(stm32f0xx_gpio.o)
 .debug_info    0x0000415c      0xcf4 Libraries/STM32F0xx_StdPeriph_Driver/libSTM32F0xx_StdPeriph_Driver.a(stm32f0xx_i2c.o)
 .debug_info    0x00004e50      0x39e Libraries/STM32F0xx_StdPeriph_Driver/libSTM32F0xx_StdPeriph_Driver.a(stm32f0xx_misc.o)
 .debug_info    0x000051ee      0xbb8 Libraries/STM32F0xx_StdPeriph_Driver/libSTM32F0xx_StdPeriph_Driver.a(stm32f0xx_rcc.o)
 .debug_info    0x00005da6     0x25f8 Libraries/STM32F0xx_StdPeriph_Driver/libSTM32F0xx_StdPeriph_Driver.a(stm32f0xx_tim.o)

.debug_abbrev   0x00000000     0x16a8
 .debug_abbrev  0x00000000      0x2b3 hw_init.o
 .debug_abbrev  0x000002b3      0x231 main.o
 .debug_abbrev  0x000004e4       0xbc stm32f0xx_it.o
 .debug_abbrev  0x000005a0      0x14e system_stm32f0xx.o
 .debug_abbrev  0x000006ee      0x1cc Libraries/STM32F0xx_StdPeriph_Driver/libSTM32F0xx_StdPeriph_Driver.a(stm32f0xx_adc.o)
 .debug_abbrev  0x000008ba      0x1a9 Libraries/STM32F0xx_StdPeriph_Driver/libSTM32F0xx_StdPeriph_Driver.a(stm32f0xx_crc.o)
 .debug_abbrev  0x00000a63      0x196 Libraries/STM32F0xx_StdPeriph_Driver/libSTM32F0xx_StdPeriph_Driver.a(stm32f0xx_dma.o)
 .debug_abbrev  0x00000bf9      0x1f9 Libraries/STM32F0xx_StdPeriph_Driver/libSTM32F0xx_StdPeriph_Driver.a(stm32f0xx_gpio.o)
 .debug_abbrev  0x00000df2      0x1ff Libraries/STM32F0xx_StdPeriph_Driver/libSTM32F0xx_StdPeriph_Driver.a(stm32f0xx_i2c.o)
 .debug_abbrev  0x00000ff1      0x150 Libraries/STM32F0xx_StdPeriph_Driver/libSTM32F0xx_StdPeriph_Driver.a(stm32f0xx_misc.o)
 .debug_abbrev  0x00001141      0x2bf Libraries/STM32F0xx_StdPeriph_Driver/libSTM32F0xx_StdPeriph_Driver.a(stm32f0xx_rcc.o)
 .debug_abbrev  0x00001400      0x2a8 Libraries/STM32F0xx_StdPeriph_Driver/libSTM32F0xx_StdPeriph_Driver.a(stm32f0xx_tim.o)

.debug_loc      0x00000000     0x57eb
 .debug_loc     0x00000000      0x334 hw_init.o
 .debug_loc     0x00000334      0x101 main.o
 .debug_loc     0x00000435      0x199 system_stm32f0xx.o
 .debug_loc     0x000005ce      0x706 Libraries/STM32F0xx_StdPeriph_Driver/libSTM32F0xx_StdPeriph_Driver.a(stm32f0xx_adc.o)
 .debug_loc     0x00000cd4      0x1bd Libraries/STM32F0xx_StdPeriph_Driver/libSTM32F0xx_StdPeriph_Driver.a(stm32f0xx_crc.o)
 .debug_loc     0x00000e91      0x290 Libraries/STM32F0xx_StdPeriph_Driver/libSTM32F0xx_StdPeriph_Driver.a(stm32f0xx_dma.o)
 .debug_loc     0x00001121      0x470 Libraries/STM32F0xx_StdPeriph_Driver/libSTM32F0xx_StdPeriph_Driver.a(stm32f0xx_gpio.o)
 .debug_loc     0x00001591      0xb2b Libraries/STM32F0xx_StdPeriph_Driver/libSTM32F0xx_StdPeriph_Driver.a(stm32f0xx_i2c.o)
 .debug_loc     0x000020bc      0x10f Libraries/STM32F0xx_StdPeriph_Driver/libSTM32F0xx_StdPeriph_Driver.a(stm32f0xx_misc.o)
 .debug_loc     0x000021cb      0xcf2 Libraries/STM32F0xx_StdPeriph_Driver/libSTM32F0xx_StdPeriph_Driver.a(stm32f0xx_rcc.o)
 .debug_loc     0x00002ebd     0x292e Libraries/STM32F0xx_StdPeriph_Driver/libSTM32F0xx_StdPeriph_Driver.a(stm32f0xx_tim.o)

.debug_aranges  0x00000000      0x188
 .debug_aranges
                0x00000000       0x20 hw_init.o
 .debug_aranges
                0x00000020       0x28 main.o
 .debug_aranges
                0x00000048       0x20 stm32f0xx_it.o
 .debug_aranges
                0x00000068       0x20 system_stm32f0xx.o
 .debug_aranges
                0x00000088       0x20 Libraries/STM32F0xx_StdPeriph_Driver/libSTM32F0xx_StdPeriph_Driver.a(stm32f0xx_adc.o)
 .debug_aranges
                0x000000a8       0x20 Libraries/STM32F0xx_StdPeriph_Driver/libSTM32F0xx_StdPeriph_Driver.a(stm32f0xx_crc.o)
 .debug_aranges
                0x000000c8       0x20 Libraries/STM32F0xx_StdPeriph_Driver/libSTM32F0xx_StdPeriph_Driver.a(stm32f0xx_dma.o)
 .debug_aranges
                0x000000e8       0x20 Libraries/STM32F0xx_StdPeriph_Driver/libSTM32F0xx_StdPeriph_Driver.a(stm32f0xx_gpio.o)
 .debug_aranges
                0x00000108       0x20 Libraries/STM32F0xx_StdPeriph_Driver/libSTM32F0xx_StdPeriph_Driver.a(stm32f0xx_i2c.o)
 .debug_aranges
                0x00000128       0x20 Libraries/STM32F0xx_StdPeriph_Driver/libSTM32F0xx_StdPeriph_Driver.a(stm32f0xx_misc.o)
 .debug_aranges
                0x00000148       0x20 Libraries/STM32F0xx_StdPeriph_Driver/libSTM32F0xx_StdPeriph_Driver.a(stm32f0xx_rcc.o)
 .debug_aranges
                0x00000168       0x20 Libraries/STM32F0xx_StdPeriph_Driver/libSTM32F0xx_StdPeriph_Driver.a(stm32f0xx_tim.o)

.debug_line     0x00000000     0x1c61
 .debug_line    0x00000000      0x38e hw_init.o
 .debug_line    0x0000038e      0x19a main.o
 .debug_line    0x00000528       0xd2 stm32f0xx_it.o
 .debug_line    0x000005fa      0x132 system_stm32f0xx.o
 .debug_line    0x0000072c      0x24a Libraries/STM32F0xx_StdPeriph_Driver/libSTM32F0xx_StdPeriph_Driver.a(stm32f0xx_adc.o)
 .debug_line    0x00000976      0x15d Libraries/STM32F0xx_StdPeriph_Driver/libSTM32F0xx_StdPeriph_Driver.a(stm32f0xx_crc.o)
 .debug_line    0x00000ad3      0x18c Libraries/STM32F0xx_StdPeriph_Driver/libSTM32F0xx_StdPeriph_Driver.a(stm32f0xx_dma.o)
 .debug_line    0x00000c5f      0x1d7 Libraries/STM32F0xx_StdPeriph_Driver/libSTM32F0xx_StdPeriph_Driver.a(stm32f0xx_gpio.o)
 .debug_line    0x00000e36      0x2f1 Libraries/STM32F0xx_StdPeriph_Driver/libSTM32F0xx_StdPeriph_Driver.a(stm32f0xx_i2c.o)
 .debug_line    0x00001127      0x134 Libraries/STM32F0xx_StdPeriph_Driver/libSTM32F0xx_StdPeriph_Driver.a(stm32f0xx_misc.o)
 .debug_line    0x0000125b      0x354 Libraries/STM32F0xx_StdPeriph_Driver/libSTM32F0xx_StdPeriph_Driver.a(stm32f0xx_rcc.o)
 .debug_line    0x000015af      0x6b2 Libraries/STM32F0xx_StdPeriph_Driver/libSTM32F0xx_StdPeriph_Driver.a(stm32f0xx_tim.o)

.debug_str      0x00000000     0x27b3
 .debug_str     0x00000000      0xcce hw_init.o
                                0xd3d (size before relaxing)
 .debug_str     0x00000cce      0x11f main.o
                                0x3d4 (size before relaxing)
 .debug_str     0x00000ded       0xa7 stm32f0xx_it.o
                                0x254 (size before relaxing)
 .debug_str     0x00000e94       0xfa system_stm32f0xx.o
                                0x246 (size before relaxing)
 .debug_str     0x00000f8e      0x290 Libraries/STM32F0xx_StdPeriph_Driver/libSTM32F0xx_StdPeriph_Driver.a(stm32f0xx_adc.o)
                                0x5be (size before relaxing)
 .debug_str     0x0000121e      0x162 Libraries/STM32F0xx_StdPeriph_Driver/libSTM32F0xx_StdPeriph_Driver.a(stm32f0xx_crc.o)
                                0x323 (size before relaxing)
 .debug_str     0x00001380       0xba Libraries/STM32F0xx_StdPeriph_Driver/libSTM32F0xx_StdPeriph_Driver.a(stm32f0xx_dma.o)
                                0x383 (size before relaxing)
 .debug_str     0x0000143a      0x159 Libraries/STM32F0xx_StdPeriph_Driver/libSTM32F0xx_StdPeriph_Driver.a(stm32f0xx_gpio.o)
                                0x48a (size before relaxing)
 .debug_str     0x00001593      0x356 Libraries/STM32F0xx_StdPeriph_Driver/libSTM32F0xx_StdPeriph_Driver.a(stm32f0xx_i2c.o)
                                0x629 (size before relaxing)
 .debug_str     0x000018e9       0xe0 Libraries/STM32F0xx_StdPeriph_Driver/libSTM32F0xx_StdPeriph_Driver.a(stm32f0xx_misc.o)
                                0x2d9 (size before relaxing)
 .debug_str     0x000019c9      0x479 Libraries/STM32F0xx_StdPeriph_Driver/libSTM32F0xx_StdPeriph_Driver.a(stm32f0xx_rcc.o)
                                0x763 (size before relaxing)
 .debug_str     0x00001e42      0x971 Libraries/STM32F0xx_StdPeriph_Driver/libSTM32F0xx_StdPeriph_Driver.a(stm32f0xx_tim.o)
                                0xde4 (size before relaxing)

.comment        0x00000000       0x70
 .comment       0x00000000       0x70 hw_init.o
                                 0x71 (size before relaxing)
 .comment       0x00000000       0x71 main.o
 .comment       0x00000000       0x71 stm32f0xx_it.o
 .comment       0x00000000       0x71 system_stm32f0xx.o
 .comment       0x00000000       0x71 Libraries/STM32F0xx_StdPeriph_Driver/libSTM32F0xx_StdPeriph_Driver.a(stm32f0xx_adc.o)
 .comment       0x00000000       0x71 Libraries/STM32F0xx_StdPeriph_Driver/libSTM32F0xx_StdPeriph_Driver.a(stm32f0xx_crc.o)
 .comment       0x00000000       0x71 Libraries/STM32F0xx_StdPeriph_Driver/libSTM32F0xx_StdPeriph_Driver.a(stm32f0xx_dma.o)
 .comment       0x00000000       0x71 Libraries/STM32F0xx_StdPeriph_Driver/libSTM32F0xx_StdPeriph_Driver.a(stm32f0xx_gpio.o)
 .comment       0x00000000       0x71 Libraries/STM32F0xx_StdPeriph_Driver/libSTM32F0xx_StdPeriph_Driver.a(stm32f0xx_i2c.o)
 .comment       0x00000000       0x71 Libraries/STM32F0xx_StdPeriph_Driver/libSTM32F0xx_StdPeriph_Driver.a(stm32f0xx_misc.o)
 .comment       0x00000000       0x71 Libraries/STM32F0xx_StdPeriph_Driver/libSTM32F0xx_StdPeriph_Driver.a(stm32f0xx_rcc.o)
 .comment       0x00000000       0x71 Libraries/STM32F0xx_StdPeriph_Driver/libSTM32F0xx_StdPeriph_Driver.a(stm32f0xx_tim.o)

.debug_frame    0x00000000     0x1314
 .debug_frame   0x00000000       0xac hw_init.o
 .debug_frame   0x000000ac       0x58 main.o
 .debug_frame   0x00000104       0xa0 stm32f0xx_it.o
 .debug_frame   0x000001a4       0x3c system_stm32f0xx.o
 .debug_frame   0x000001e0      0x200 Libraries/STM32F0xx_StdPeriph_Driver/libSTM32F0xx_StdPeriph_Driver.a(stm32f0xx_adc.o)
 .debug_frame   0x000003e0       0xf8 Libraries/STM32F0xx_StdPeriph_Driver/libSTM32F0xx_StdPeriph_Driver.a(stm32f0xx_crc.o)
 .debug_frame   0x000004d8       0xc8 Libraries/STM32F0xx_StdPeriph_Driver/libSTM32F0xx_StdPeriph_Driver.a(stm32f0xx_dma.o)
 .debug_frame   0x000005a0      0x114 Libraries/STM32F0xx_StdPeriph_Driver/libSTM32F0xx_StdPeriph_Driver.a(stm32f0xx_gpio.o)
 .debug_frame   0x000006b4      0x2d8 Libraries/STM32F0xx_StdPeriph_Driver/libSTM32F0xx_StdPeriph_Driver.a(stm32f0xx_i2c.o)
 .debug_frame   0x0000098c       0x4c Libraries/STM32F0xx_StdPeriph_Driver/libSTM32F0xx_StdPeriph_Driver.a(stm32f0xx_misc.o)
 .debug_frame   0x000009d8      0x2b8 Libraries/STM32F0xx_StdPeriph_Driver/libSTM32F0xx_StdPeriph_Driver.a(stm32f0xx_rcc.o)
 .debug_frame   0x00000c90      0x664 Libraries/STM32F0xx_StdPeriph_Driver/libSTM32F0xx_StdPeriph_Driver.a(stm32f0xx_tim.o)
 .debug_frame   0x000012f4       0x20 /media/ProgramData/ARM/GNU/gcc-arm-none-eabi-4_7-2013q3/bin/../lib/gcc/arm-none-eabi/4.7.4/armv6-m/libgcc.a(_udivsi3.o)

.debug_ranges   0x00000000      0x2b0
 .debug_ranges  0x00000000       0x18 main.o
 .debug_ranges  0x00000018       0x30 system_stm32f0xx.o
 .debug_ranges  0x00000048       0x50 Libraries/STM32F0xx_StdPeriph_Driver/libSTM32F0xx_StdPeriph_Driver.a(stm32f0xx_rcc.o)
 .debug_ranges  0x00000098      0x218 Libraries/STM32F0xx_StdPeriph_Driver/libSTM32F0xx_StdPeriph_Driver.a(stm32f0xx_tim.o)
